猪哥亮歌厅秀,https://tzh911.qzz.io/litv.php?id=4gtv-4gtv006
非凡新闻,https://tzh911.qzz.io/litv.php?id=4gtv-4gtv010
时尚运动X,https://tzh911.qzz.io/litv.php?id=4gtv-4gtv014
GLOBETROTTER,https://tzh911.qzz.io/litv.php?id=4gtv-4gtv016
达文西频道,https://tzh911.qzz.io/litv.php?id=4gtv-4gtv018
靖洋戏剧台,https://tzh911.qzz.io/litv.php?id=4gtv-4gtv045
非凡商业,https://tzh911.qzz.io/litv.php?id=4gtv-4gtv048
GinxTV,https://tzh911.qzz.io/litv.php?id=4gtv-4gtv053
靖洋卡通台,https://tzh911.qzz.io/litv.php?id=4gtv-4gtv057
古典音乐台,https://tzh911.qzz.io/litv.php?id=4gtv-4gtv059
靖天育乐台,https://tzh911.qzz.io/litv.php?id=4gtv-4gtv062
tvbs精采台,https://tzh911.qzz.io/litv.php?id=4gtv-4gtv067
爱尔达娱乐,https://tzh911.qzz.io/litv.php?id=4gtv-4gtv070
镜新闻,https://tzh911.qzz.io/litv.php?id=4gtv-4gtv075
CATCHPLAY电影台,https://tzh911.qzz.io/litv.php?id=4gtv-4gtv076
TRACE,https://tzh911.qzz.io/litv.php?id=4gtv-4gtv077
阿里郎,https://tzh911.qzz.io/litv.php?id=4gtv-4gtv079
TRACE,https://tzh911.qzz.io/litv.php?id=4gtv-4gtv082
MEZZO,https://tzh911.qzz.io/litv.php?id=4gtv-4gtv083
国际财经,https://tzh911.qzz.io/litv.php?id=4gtv-4gtv104
美国之音,https://tzh911.qzz.io/litv.php?id=litv-ftv03
半岛新闻,https://tzh911.qzz.io/litv.php?id=litv-ftv10
爱放动漫,https://tzh911.qzz.io/litv.php?id=litv-ftv15
龙华卡通,https://tzh911.qzz.io/litv.php?id=litv-longturn01
龙华洋片,https://tzh911.qzz.io/litv.php?id=litv-longturn02
龙华电影,https://tzh911.qzz.io/litv.php?id=litv-longturn03
龙华日韩,https://tzh911.qzz.io/litv.php?id=litv-longturn11
龙华偶像,https://tzh911.qzz.io/litv.php?id=litv-longturn12
亚洲旅游台,https://tzh911.qzz.io/litv.php?id=litv-longturn17
龙华戏剧,https://tzh911.qzz.io/litv.php?id=litv-longturn18
生活英语台,https://tzh911.qzz.io/litv.php?id=litv-longturn20
龙华经典,https://tzh911.qzz.io/litv.php?id=litv-longturn21
