Category: 🇹🇼台灣頻道, Name: 民视第一, Total: 44, Valid: 1, Valid Percent: 2.27%, Whitelist: 0, IPv4: 1, IPv6: 43, Min Delay: 1992 ms, Max Speed: 0.82 M/s, Avg Speed: 0.82 M/s, Max Resolution: None
Category: 🇹🇼台灣頻道, Name: 民视电视台, Total: 45, Valid: 1, Valid Percent: 2.22%, Whitelist: 0, IPv4: 1, IPv6: 44, Min Delay: 2066 ms, Max Speed: 0.63 M/s, Avg Speed: 0.63 M/s, Max Resolution: None
Category: 🇹🇼台灣頻道, Name: 民视新闻, Total: 73, Valid: 4, Valid Percent: 5.48%, Whitelist: 0, IPv4: 4, IPv6: 69, Min Delay: 1067 ms, Max Speed: 0.96 M/s, Avg Speed: 0.78 M/s, Max Resolution: 1920x1080
Category: 🇹🇼台灣頻道, Name: 民视台湾, Total: 53, Valid: 1, Valid Percent: 1.89%, Whitelist: 0, IPv4: 1, IPv6: 52, Min Delay: 1490 ms, Max Speed: 0.70 M/s, Avg Speed: 0.70 M/s, Max Resolution: None
Category: 🇹🇼台灣頻道, Name: 民视影剧, Total: 36, Valid: 1, Valid Percent: 2.78%, Whitelist: 0, IPv4: 1, IPv6: 35, Min Delay: 1424 ms, Max Speed: 0.65 M/s, Avg Speed: 0.65 M/s, Max Resolution: None
Category: 🇹🇼台灣頻道, Name: 民视旅游, Total: 36, Valid: 1, Valid Percent: 2.78%, Whitelist: 0, IPv4: 1, IPv6: 35, Min Delay: 2004 ms, Max Speed: 1.53 M/s, Avg Speed: 1.53 M/s, Max Resolution: None
Category: 🇹🇼台灣頻道, Name: 民视综艺, Total: 35, Valid: 1, Valid Percent: 2.86%, Whitelist: 0, IPv4: 1, IPv6: 34, Min Delay: 1638 ms, Max Speed: 1.86 M/s, Avg Speed: 1.86 M/s, Max Resolution: None
Category: 🇹🇼台灣頻道, Name: 中视, Total: 152, Valid: 2, Valid Percent: 1.32%, Whitelist: 0, IPv4: 2, IPv6: 150, Min Delay: 74 ms, Max Speed: 1.22 M/s, Avg Speed: 1.02 M/s, Max Resolution: 1280x720
Category: 🇹🇼台灣頻道, Name: 中视新闻, Total: 52, Valid: 1, Valid Percent: 1.92%, Whitelist: 0, IPv4: 1, IPv6: 51, Min Delay: 1805 ms, Max Speed: 0.60 M/s, Avg Speed: 0.60 M/s, Max Resolution: None
Category: 🇹🇼台灣頻道, Name: 中视经典, Total: 48, Valid: 1, Valid Percent: 2.08%, Whitelist: 0, IPv4: 1, IPv6: 47, Min Delay: 1642 ms, Max Speed: 0.50 M/s, Avg Speed: 0.50 M/s, Max Resolution: None
Category: 🇹🇼台灣頻道, Name: 中视菁采, Total: 41, Valid: 1, Valid Percent: 2.44%, Whitelist: 0, IPv4: 1, IPv6: 40, Min Delay: 1734 ms, Max Speed: 1.16 M/s, Avg Speed: 1.16 M/s, Max Resolution: None
Category: 🇹🇼台灣頻道, Name: 中天新闻, Total: 74, Valid: 2, Valid Percent: 2.70%, Whitelist: 0, IPv4: 2, IPv6: 72, Min Delay: 14 ms, Max Speed: 18.45 M/s, Avg Speed: 9.80 M/s, Max Resolution: 1920x1080
Category: 🇹🇼台灣頻道, Name: 华视, Total: 149, Valid: 1, Valid Percent: 0.67%, Whitelist: 0, IPv4: 2, IPv6: 147, Min Delay: 2216 ms, Max Speed: 0.57 M/s, Avg Speed: 0.57 M/s, Max Resolution: 1280x720
Category: 🇹🇼台灣頻道, Name: 华视新闻资讯, Total: 40, Valid: 1, Valid Percent: 2.50%, Whitelist: 0, IPv4: 1, IPv6: 39, Min Delay: 2532 ms, Max Speed: 1.12 M/s, Avg Speed: 1.12 M/s, Max Resolution: None
Category: 🇹🇼台灣頻道, Name: 靖天综合, Total: 36, Valid: 1, Valid Percent: 2.78%, Whitelist: 0, IPv4: 1, IPv6: 35, Min Delay: 1806 ms, Max Speed: 1.93 M/s, Avg Speed: 1.93 M/s, Max Resolution: None
Category: 🇹🇼台灣頻道, Name: 靖天戏剧, Total: 54, Valid: 2, Valid Percent: 3.70%, Whitelist: 0, IPv4: 2, IPv6: 52, Min Delay: 36 ms, Max Speed: 8.58 M/s, Avg Speed: 4.69 M/s, Max Resolution: 1920x1080
Category: 🇹🇼台灣頻道, Name: 靖天日本, Total: 53, Valid: 1, Valid Percent: 1.89%, Whitelist: 0, IPv4: 1, IPv6: 52, Min Delay: 1950 ms, Max Speed: 0.74 M/s, Avg Speed: 0.74 M/s, Max Resolution: None
Category: 🇹🇼台灣頻道, Name: 靖天映画, Total: 43, Valid: 2, Valid Percent: 4.65%, Whitelist: 0, IPv4: 2, IPv6: 41, Min Delay: 36 ms, Max Speed: 8.58 M/s, Avg Speed: 4.82 M/s, Max Resolution: 1920x1080
Category: 🇹🇼台灣頻道, Name: 靖天卡通, Total: 123, Valid: 2, Valid Percent: 1.63%, Whitelist: 0, IPv4: 2, IPv6: 121, Min Delay: 1476 ms, Max Speed: 1.89 M/s, Avg Speed: 1.24 M/s, Max Resolution: 1280x720
Category: 🇹🇼台灣頻道, Name: 靖天资讯, Total: 58, Valid: 2, Valid Percent: 3.45%, Whitelist: 0, IPv4: 2, IPv6: 56, Min Delay: 38 ms, Max Speed: 8.16 M/s, Avg Speed: 4.79 M/s, Max Resolution: 1920x1080
Category: 🇹🇼台灣頻道, Name: 靖天电影, Total: 37, Valid: 1, Valid Percent: 2.70%, Whitelist: 0, IPv4: 1, IPv6: 36, Min Delay: 1335 ms, Max Speed: 0.88 M/s, Avg Speed: 0.88 M/s, Max Resolution: None
Category: 🇹🇼台灣頻道, Name: 靖洋戲劇台, Total: 4, Valid: 1, Valid Percent: 25.00%, Whitelist: 0, IPv4: 1, IPv6: 3, Min Delay: 1470 ms, Max Speed: 1.15 M/s, Avg Speed: 1.15 M/s, Max Resolution: None
Category: 🇹🇼台灣頻道, Name: 寰宇新闻, Total: 59, Valid: 1, Valid Percent: 1.69%, Whitelist: 0, IPv4: 1, IPv6: 58, Min Delay: 2076 ms, Max Speed: 1.12 M/s, Avg Speed: 1.12 M/s, Max Resolution: None
Category: 🇹🇼台灣頻道, Name: 寰宇新闻台湾, Total: 55, Valid: 1, Valid Percent: 1.82%, Whitelist: 0, IPv4: 1, IPv6: 54, Min Delay: 1583 ms, Max Speed: 1.85 M/s, Avg Speed: 1.85 M/s, Max Resolution: None
Category: 🇹🇼台灣頻道, Name: TVBS, Total: 109, Valid: 1, Valid Percent: 0.92%, Whitelist: 0, IPv4: 1, IPv6: 108, Min Delay: 1306 ms, Max Speed: 0.73 M/s, Avg Speed: 0.73 M/s, Max Resolution: None
Category: 🇹🇼台灣頻道, Name: TVBS新闻, Total: 54, Valid: 1, Valid Percent: 1.85%, Whitelist: 0, IPv4: 1, IPv6: 53, Min Delay: 1349 ms, Max Speed: 0.70 M/s, Avg Speed: 0.70 M/s, Max Resolution: None
Category: 🇹🇼台灣頻道, Name: TVBS综艺, Total: 25, Valid: 1, Valid Percent: 4.00%, Whitelist: 0, IPv4: 1, IPv6: 24, Min Delay: 1578 ms, Max Speed: 1.30 M/s, Avg Speed: 1.30 M/s, Max Resolution: None
Category: 🇹🇼台灣頻道, Name: TVBS欢乐, Total: 71, Valid: 1, Valid Percent: 1.41%, Whitelist: 0, IPv4: 1, IPv6: 70, Min Delay: 1416 ms, Max Speed: 1.33 M/s, Avg Speed: 1.33 M/s, Max Resolution: None
Category: 🇹🇼台灣頻道, Name: TVBS台剧, Total: 25, Valid: 1, Valid Percent: 4.00%, Whitelist: 0, IPv4: 1, IPv6: 24, Min Delay: 2025 ms, Max Speed: 1.02 M/s, Avg Speed: 1.02 M/s, Max Resolution: None
Category: 🇹🇼台灣頻道, Name: 八大精彩, Total: 39, Valid: 1, Valid Percent: 2.56%, Whitelist: 0, IPv4: 1, IPv6: 38, Min Delay: 1382 ms, Max Speed: 1.01 M/s, Avg Speed: 1.01 M/s, Max Resolution: None
Category: 🇹🇼台灣頻道, Name: 八大综艺, Total: 37, Valid: 1, Valid Percent: 2.70%, Whitelist: 0, IPv4: 1, IPv6: 36, Min Delay: 1484 ms, Max Speed: 1.48 M/s, Avg Speed: 1.48 M/s, Max Resolution: None
Category: 🇹🇼台灣頻道, Name: 三立INEWS, Total: 32, Valid: 1, Valid Percent: 3.12%, Whitelist: 0, IPv4: 1, IPv6: 31, Min Delay: 32 ms, Max Speed: 9.50 M/s, Avg Speed: 9.50 M/s, Max Resolution: 1920x1080
Category: 🇹🇼台灣頻道, Name: 三立台湾, Total: 13, Valid: 1, Valid Percent: 7.69%, Whitelist: 0, IPv4: 1, IPv6: 12, Min Delay: 32 ms, Max Speed: 9.64 M/s, Avg Speed: 9.64 M/s, Max Resolution: 1920x1080
Category: 🇹🇼台灣頻道, Name: 三立综合, Total: 20, Valid: 1, Valid Percent: 5.00%, Whitelist: 0, IPv4: 1, IPv6: 19, Min Delay: 1654 ms, Max Speed: 1.85 M/s, Avg Speed: 1.85 M/s, Max Resolution: None
Category: 🇹🇼台灣頻道, Name: 台视, Total: 129, Valid: 0, Valid Percent: 0.00%, Whitelist: 0, IPv4: 2, IPv6: 127, Min Delay: -1 ms, Max Speed: 0.00 M/s, Avg Speed: 0.00 M/s, Max Resolution: 1280x720
Category: 🇹🇼台灣頻道, Name: 台视新闻, Total: 76, Valid: 3, Valid Percent: 3.95%, Whitelist: 0, IPv4: 3, IPv6: 73, Min Delay: 238 ms, Max Speed: 8.89 M/s, Avg Speed: 3.59 M/s, Max Resolution: 1920x1080
Category: 🇹🇼台灣頻道, Name: 东森新闻, Total: 54, Valid: 1, Valid Percent: 1.85%, Whitelist: 0, IPv4: 1, IPv6: 53, Min Delay: 1458 ms, Max Speed: 1.25 M/s, Avg Speed: 1.25 M/s, Max Resolution: None
Category: 🇹🇼台灣頻道, Name: 东森财经, Total: 45, Valid: 1, Valid Percent: 2.22%, Whitelist: 0, IPv4: 1, IPv6: 44, Min Delay: 1399 ms, Max Speed: 1.23 M/s, Avg Speed: 1.23 M/s, Max Resolution: None
Category: 🇹🇼台灣頻道, Name: 东森综合, Total: 15, Valid: 3, Valid Percent: 20.00%, Whitelist: 0, IPv4: 3, IPv6: 12, Min Delay: 33 ms, Max Speed: 9.35 M/s, Avg Speed: 8.79 M/s, Max Resolution: 1920x1080
Category: 🇹🇼台灣頻道, Name: 东森超视, Total: 21, Valid: 3, Valid Percent: 14.29%, Whitelist: 0, IPv4: 3, IPv6: 18, Min Delay: 32 ms, Max Speed: 9.77 M/s, Avg Speed: 9.39 M/s, Max Resolution: 1920x1080
Category: 🇹🇼台灣頻道, Name: 东森电影, Total: 12, Valid: 1, Valid Percent: 8.33%, Whitelist: 0, IPv4: 1, IPv6: 11, Min Delay: 34 ms, Max Speed: 9.22 M/s, Avg Speed: 9.22 M/s, Max Resolution: 1920x1080
Category: 🇹🇼台灣頻道, Name: 东森洋片, Total: 77, Valid: 1, Valid Percent: 1.30%, Whitelist: 0, IPv4: 1, IPv6: 76, Min Delay: 32 ms, Max Speed: 9.52 M/s, Avg Speed: 9.52 M/s, Max Resolution: 1920x1080
Category: 🇹🇼台灣頻道, Name: 东森购物, Total: 1, Valid: 1, Valid Percent: 100.00%, Whitelist: 0, IPv4: 1, IPv6: 0, Min Delay: 68 ms, Max Speed: 1.21 M/s, Avg Speed: 1.21 M/s, Max Resolution: 1280x720
Category: 🇹🇼台灣頻道, Name: 鏡電視新聞台, Total: 18, Valid: 1, Valid Percent: 5.56%, Whitelist: 0, IPv4: 1, IPv6: 17, Min Delay: 1391 ms, Max Speed: 1.17 M/s, Avg Speed: 1.17 M/s, Max Resolution: None
Category: 🇹🇼台灣頻道, Name: CNBC Asia 財經台, Total: 14, Valid: 1, Valid Percent: 7.14%, Whitelist: 0, IPv4: 1, IPv6: 13, Min Delay: 1651 ms, Max Speed: 1.84 M/s, Avg Speed: 1.84 M/s, Max Resolution: None
Category: 🇹🇼台灣頻道, Name: 亞洲旅遊台, Total: 6, Valid: 1, Valid Percent: 16.67%, Whitelist: 0, IPv4: 1, IPv6: 5, Min Delay: 1514 ms, Max Speed: 1.96 M/s, Avg Speed: 1.96 M/s, Max Resolution: None
Category: 🇹🇼台灣頻道, Name: 時尚運動X, Total: 6, Valid: 1, Valid Percent: 16.67%, Whitelist: 0, IPv4: 1, IPv6: 5, Min Delay: 1211 ms, Max Speed: 0.55 M/s, Avg Speed: 0.55 M/s, Max Resolution: None
Category: 🇹🇼台灣頻道, Name: 智林體育, Total: 52, Valid: 1, Valid Percent: 1.92%, Whitelist: 0, IPv4: 1, IPv6: 51, Min Delay: 1436 ms, Max Speed: 0.63 M/s, Avg Speed: 0.63 M/s, Max Resolution: None
Category: 🇹🇼台灣頻道, Name: TRACE Sport Stars, Total: 1, Valid: 1, Valid Percent: 100.00%, Whitelist: 0, IPv4: 1, IPv6: 0, Min Delay: 1534 ms, Max Speed: 1.71 M/s, Avg Speed: 1.71 M/s, Max Resolution: None
Category: 🇹🇼台灣頻道, Name: 影迷數位紀實台, Total: 34, Valid: 1, Valid Percent: 2.94%, Whitelist: 0, IPv4: 1, IPv6: 33, Min Delay: 1533 ms, Max Speed: 1.41 M/s, Avg Speed: 1.41 M/s, Max Resolution: None
Category: 🇹🇼台灣頻道, Name: 影迷數位電影台, Total: 55, Valid: 1, Valid Percent: 1.82%, Whitelist: 0, IPv4: 1, IPv6: 54, Min Delay: 1479 ms, Max Speed: 1.77 M/s, Avg Speed: 1.77 M/s, Max Resolution: None
Category: 🇹🇼台灣頻道, Name: amc電影台, Total: 23, Valid: 1, Valid Percent: 4.35%, Whitelist: 0, IPv4: 1, IPv6: 22, Min Delay: 1419 ms, Max Speed: 0.99 M/s, Avg Speed: 0.99 M/s, Max Resolution: None
Category: 🇹🇼台灣頻道, Name: 公视, Total: 73, Valid: 1, Valid Percent: 1.37%, Whitelist: 0, IPv4: 1, IPv6: 72, Min Delay: 71 ms, Max Speed: 1.24 M/s, Avg Speed: 1.24 M/s, Max Resolution: 1280x720
Category: 🇹🇼台灣頻道, Name: 公视戏剧, Total: 38, Valid: 1, Valid Percent: 2.63%, Whitelist: 0, IPv4: 1, IPv6: 37, Min Delay: 1483 ms, Max Speed: 1.36 M/s, Avg Speed: 1.36 M/s, Max Resolution: None
Category: 🇹🇼台灣頻道, Name: 华语剧, Total: 1, Valid: 1, Valid Percent: 100.00%, Whitelist: 0, IPv4: 1, IPv6: 0, Min Delay: 68 ms, Max Speed: 1.38 M/s, Avg Speed: 1.38 M/s, Max Resolution: 1280x720
Category: 🇹🇼台灣頻道, Name: 采昌影劇台, Total: 51, Valid: 1, Valid Percent: 1.96%, Whitelist: 0, IPv4: 1, IPv6: 50, Min Delay: 1494 ms, Max Speed: 1.10 M/s, Avg Speed: 1.10 M/s, Max Resolution: None
Category: 🇹🇼台灣頻道, Name: 經典電影台, Total: 1, Valid: 1, Valid Percent: 100.00%, Whitelist: 0, IPv4: 1, IPv6: 0, Min Delay: 1608 ms, Max Speed: 1.31 M/s, Avg Speed: 1.31 M/s, Max Resolution: None
Category: 🇹🇼台灣頻道, Name: 電影原聲台CMusic, Total: 15, Valid: 1, Valid Percent: 6.67%, Whitelist: 0, IPv4: 1, IPv6: 14, Min Delay: 1443 ms, Max Speed: 1.41 M/s, Avg Speed: 1.41 M/s, Max Resolution: None
Category: 🇹🇼台灣頻道, Name: CinemaWorld, Total: 15, Valid: 1, Valid Percent: 6.67%, Whitelist: 0, IPv4: 1, IPv6: 14, Min Delay: 1817 ms, Max Speed: 1.30 M/s, Avg Speed: 1.30 M/s, Max Resolution: None
Category: 🇹🇼台灣頻道, Name: ROCK Action, Total: 75, Valid: 1, Valid Percent: 1.33%, Whitelist: 0, IPv4: 1, IPv6: 74, Min Delay: 1451 ms, Max Speed: 1.43 M/s, Avg Speed: 1.43 M/s, Max Resolution: None
Category: 🇹🇼台灣頻道, Name: ROCK Entertainment, Total: 2, Valid: 1, Valid Percent: 50.00%, Whitelist: 0, IPv4: 1, IPv6: 1, Min Delay: 1587 ms, Max Speed: 1.31 M/s, Avg Speed: 1.31 M/s, Max Resolution: None
Category: 🇹🇼台灣頻道, Name: 金光布袋戲, Total: 1, Valid: 1, Valid Percent: 100.00%, Whitelist: 0, IPv4: 1, IPv6: 0, Min Delay: 1745 ms, Max Speed: 1.29 M/s, Avg Speed: 1.29 M/s, Max Resolution: None
Category: 🇹🇼台灣頻道, Name: DreamWorks 夢工廠動畫, Total: 1, Valid: 1, Valid Percent: 100.00%, Whitelist: 0, IPv4: 1, IPv6: 0, Min Delay: 1519 ms, Max Speed: 2.01 M/s, Avg Speed: 2.01 M/s, Max Resolution: None
Category: 🇹🇼台灣頻道, Name: Nick Jr.兒童頻道, Total: 80, Valid: 2, Valid Percent: 2.50%, Whitelist: 0, IPv4: 2, IPv6: 78, Min Delay: 68 ms, Max Speed: 1.31 M/s, Avg Speed: 1.28 M/s, Max Resolution: 1280x720
Category: 🇹🇼台灣頻道, Name: 精選動漫台, Total: 1, Valid: 1, Valid Percent: 100.00%, Whitelist: 0, IPv4: 1, IPv6: 0, Min Delay: 1423 ms, Max Speed: 1.44 M/s, Avg Speed: 1.44 M/s, Max Resolution: None
Category: 🇹🇼台灣頻道, Name: 經典卡通台, Total: 1, Valid: 1, Valid Percent: 100.00%, Whitelist: 0, IPv4: 1, IPv6: 0, Min Delay: 1563 ms, Max Speed: 1.31 M/s, Avg Speed: 1.31 M/s, Max Resolution: None
Category: 🇹🇼台灣頻道, Name: 達文西頻道, Total: 4, Valid: 1, Valid Percent: 25.00%, Whitelist: 0, IPv4: 1, IPv6: 3, Min Delay: 1232 ms, Max Speed: 0.54 M/s, Avg Speed: 0.54 M/s, Max Resolution: None
Category: 🇹🇼台灣頻道, Name: MOMO亲子, Total: 30, Valid: 1, Valid Percent: 3.33%, Whitelist: 0, IPv4: 1, IPv6: 29, Min Delay: 6482 ms, Max Speed: 0.82 M/s, Avg Speed: 0.82 M/s, Max Resolution: None
Category: 🇹🇼台灣頻道, Name: MOMO综合, Total: 7, Valid: 0, Valid Percent: 0.00%, Whitelist: 0, IPv4: 1, IPv6: 6, Min Delay: -1 ms, Max Speed: 0.00 M/s, Avg Speed: 0.00 M/s, Max Resolution: 1280x720
Category: 🇹🇼台灣頻道, Name: CLASSICA 古典樂, Total: 1, Valid: 1, Valid Percent: 100.00%, Whitelist: 0, IPv4: 1, IPv6: 0, Min Delay: 1295 ms, Max Speed: 0.53 M/s, Avg Speed: 0.53 M/s, Max Resolution: None
Category: 🇹🇼台灣頻道, Name: Lifetime 娛樂頻道, Total: 1, Valid: 1, Valid Percent: 100.00%, Whitelist: 0, IPv4: 1, IPv6: 0, Min Delay: 1421 ms, Max Speed: 1.47 M/s, Avg Speed: 1.47 M/s, Max Resolution: None
Category: 🇹🇼台灣頻道, Name: MTVLive音樂頻道, Total: 14, Valid: 1, Valid Percent: 7.14%, Whitelist: 0, IPv4: 1, IPv6: 13, Min Delay: 1674 ms, Max Speed: 2.81 M/s, Avg Speed: 2.81 M/s, Max Resolution: None
Category: 🇹🇼台灣頻道, Name: Mezzo Live, Total: 31, Valid: 1, Valid Percent: 3.23%, Whitelist: 0, IPv4: 1, IPv6: 30, Min Delay: 1280 ms, Max Speed: 0.50 M/s, Avg Speed: 0.50 M/s, Max Resolution: None
Category: 🇹🇼台灣頻道, Name: 豬哥亮歌廳秀, Total: 6, Valid: 1, Valid Percent: 16.67%, Whitelist: 0, IPv4: 1, IPv6: 5, Min Delay: 1510 ms, Max Speed: 1.86 M/s, Avg Speed: 1.86 M/s, Max Resolution: None
Category: 🇹🇼台灣頻道, Name: TRACE Urban, Total: 16, Valid: 1, Valid Percent: 6.25%, Whitelist: 0, IPv4: 1, IPv6: 15, Min Delay: 1597 ms, Max Speed: 1.59 M/s, Avg Speed: 1.59 M/s, Max Resolution: None
Category: 🇹🇼台灣頻道, Name: 韓國娛樂台KMTV, Total: 14, Valid: 1, Valid Percent: 7.14%, Whitelist: 0, IPv4: 1, IPv6: 13, Min Delay: 1474 ms, Max Speed: 1.28 M/s, Avg Speed: 1.28 M/s, Max Resolution: None
Category: 🇹🇼台灣頻道, Name: LUXE TV, Total: 15, Valid: 1, Valid Percent: 6.67%, Whitelist: 0, IPv4: 1, IPv6: 14, Min Delay: 1675 ms, Max Speed: 1.39 M/s, Avg Speed: 1.39 M/s, Max Resolution: None
Category: 🇹🇼台灣頻道, Name: PET CLUB TV, Total: 18, Valid: 1, Valid Percent: 5.56%, Whitelist: 0, IPv4: 1, IPv6: 17, Min Delay: 1382 ms, Max Speed: 1.15 M/s, Avg Speed: 1.15 M/s, Max Resolution: None
Category: 🇹🇼台灣頻道, Name: LoveNature, Total: 1, Valid: 1, Valid Percent: 100.00%, Whitelist: 0, IPv4: 1, IPv6: 0, Min Delay: 70 ms, Max Speed: 1.32 M/s, Avg Speed: 1.32 M/s, Max Resolution: 1280x720
Category: 🇹🇼台灣頻道, Name: FUN探索娱乐台, Total: 22, Valid: 1, Valid Percent: 4.55%, Whitelist: 0, IPv4: 1, IPv6: 21, Min Delay: 1422 ms, Max Speed: 1.44 M/s, Avg Speed: 1.44 M/s, Max Resolution: None
Category: 🇹🇼台灣頻道, Name: 幸福空間居家台, Total: 1, Valid: 1, Valid Percent: 100.00%, Whitelist: 0, IPv4: 1, IPv6: 0, Min Delay: 1443 ms, Max Speed: 1.44 M/s, Avg Speed: 1.44 M/s, Max Resolution: None
Category: 🇹🇼台灣頻道, Name: Bloomberg TV, Total: 76, Valid: 1, Valid Percent: 1.32%, Whitelist: 0, IPv4: 1, IPv6: 75, Min Delay: 1589 ms, Max Speed: 1.39 M/s, Avg Speed: 1.39 M/s, Max Resolution: None
Category: 🇹🇼台灣頻道, Name: SBN全球財經台, Total: 1, Valid: 1, Valid Percent: 100.00%, Whitelist: 0, IPv4: 1, IPv6: 0, Min Delay: 1805 ms, Max Speed: 1.06 M/s, Avg Speed: 1.06 M/s, Max Resolution: None
Category: 🇹🇼台灣頻道, Name: 半島國際新聞台, Total: 1, Valid: 1, Valid Percent: 100.00%, Whitelist: 0, IPv4: 1, IPv6: 0, Min Delay: 1640 ms, Max Speed: 1.39 M/s, Avg Speed: 1.39 M/s, Max Resolution: None
Category: 🇹🇼台灣頻道, Name: History 歷史頻道, Total: 1, Valid: 1, Valid Percent: 100.00%, Whitelist: 0, IPv4: 1, IPv6: 0, Min Delay: 1515 ms, Max Speed: 2.00 M/s, Avg Speed: 2.00 M/s, Max Resolution: None
Category: 🇹🇼台灣頻道, Name: CI 罪案偵查頻道, Total: 1, Valid: 1, Valid Percent: 100.00%, Whitelist: 0, IPv4: 1, IPv6: 0, Min Delay: 1449 ms, Max Speed: 1.45 M/s, Avg Speed: 1.45 M/s, Max Resolution: None
Category: 🇹🇼台灣頻道, Name: 視納華仁紀實頻道, Total: 2, Valid: 1, Valid Percent: 50.00%, Whitelist: 0, IPv4: 1, IPv6: 1, Min Delay: 1637 ms, Max Speed: 1.52 M/s, Avg Speed: 1.52 M/s, Max Resolution: None
Category: 🇹🇼台灣頻道, Name: 原住民电视, Total: 2, Valid: 1, Valid Percent: 50.00%, Whitelist: 0, IPv4: 1, IPv6: 1, Min Delay: 1507 ms, Max Speed: 2.02 M/s, Avg Speed: 2.02 M/s, Max Resolution: None
Category: 🇹🇼台灣頻道, Name: 滾動力 rollor, Total: 23, Valid: 1, Valid Percent: 4.35%, Whitelist: 0, IPv4: 1, IPv6: 22, Min Delay: 1432 ms, Max Speed: 1.43 M/s, Avg Speed: 1.43 M/s, Max Resolution: None
Category: 🇹🇼台灣頻道, Name: 大爱1, Total: 8, Valid: 1, Valid Percent: 12.50%, Whitelist: 0, IPv4: 1, IPv6: 7, Min Delay: 1505 ms, Max Speed: 2.02 M/s, Avg Speed: 2.02 M/s, Max Resolution: None
Category: 🇹🇼台灣頻道, Name: 大爱2, Total: 79, Valid: 1, Valid Percent: 1.27%, Whitelist: 0, IPv4: 1, IPv6: 78, Min Delay: 1430 ms, Max Speed: 1.36 M/s, Avg Speed: 1.36 M/s, Max Resolution: None
Category: 🇹🇼台灣頻道, Name: 人间卫视, Total: 36, Valid: 1, Valid Percent: 2.78%, Whitelist: 0, IPv4: 1, IPv6: 35, Min Delay: 1452 ms, Max Speed: 1.42 M/s, Avg Speed: 1.42 M/s, Max Resolution: None
Category: 🇹🇼台灣頻道, Name: 国会频道1, Total: 45, Valid: 1, Valid Percent: 2.22%, Whitelist: 0, IPv4: 1, IPv6: 44, Min Delay: 1662 ms, Max Speed: 1.95 M/s, Avg Speed: 1.95 M/s, Max Resolution: None
Category: 🇹🇼台灣頻道, Name: 国会频道2, Total: 44, Valid: 1, Valid Percent: 2.27%, Whitelist: 0, IPv4: 1, IPv6: 43, Min Delay: 1256 ms, Max Speed: 0.33 M/s, Avg Speed: 0.33 M/s, Max Resolution: None
Category: 🇹🇼台灣頻道, Name: 緯來體育, Total: 1, Valid: 0, Valid Percent: 0.00%, Whitelist: 0, IPv4: 1, IPv6: 0, Min Delay: -1 ms, Max Speed: 0.00 M/s, Avg Speed: 0.00 M/s, Max Resolution: 1280x720
Category: 🇹🇼台灣頻道, Name: 緯來日本, Total: 1, Valid: 0, Valid Percent: 0.00%, Whitelist: 0, IPv4: 1, IPv6: 0, Min Delay: -1 ms, Max Speed: 0.00 M/s, Avg Speed: 0.00 M/s, Max Resolution: 1280x720
Category: 🇹🇼台灣頻道, Name: 愛爾達娛樂台, Total: 1, Valid: 1, Valid Percent: 100.00%, Whitelist: 0, IPv4: 1, IPv6: 0, Min Delay: 1571 ms, Max Speed: 2.00 M/s, Avg Speed: 2.00 M/s, Max Resolution: None
Category: 🇹🇼台灣頻道, Name: 愛爾達生活旅遊台, Total: 1, Valid: 1, Valid Percent: 100.00%, Whitelist: 0, IPv4: 1, IPv6: 0, Min Delay: 1424 ms, Max Speed: 1.45 M/s, Avg Speed: 1.45 M/s, Max Resolution: None
Category: 🇹🇼台灣頻道, Name: Dali TV, Total: 1, Valid: 0, Valid Percent: 0.00%, Whitelist: 0, IPv4: 1, IPv6: 0, Min Delay: 285 ms, Max Speed: 0.00 M/s, Avg Speed: 0.00 M/s, Max Resolution: 1280x720
Category: 🇹🇼台灣頻道, Name: 好消息1, Total: 51, Valid: 1, Valid Percent: 1.96%, Whitelist: 0, IPv4: 1, IPv6: 50, Min Delay: 1821 ms, Max Speed: 1.79 M/s, Avg Speed: 1.79 M/s, Max Resolution: None
Category: 🇹🇼台灣頻道, Name: 好消息2, Total: 108, Valid: 1, Valid Percent: 0.93%, Whitelist: 0, IPv4: 1, IPv6: 107, Min Delay: 1660 ms, Max Speed: 1.80 M/s, Avg Speed: 1.80 M/s, Max Resolution: None
Category: 🎬电影频道, Name: CHC家庭影院, Total: 134, Valid: 13, Valid Percent: 9.70%, Whitelist: 0, IPv4: 4, IPv6: 130, Min Delay: 0.1 ms, Max Speed: 3.96 M/s, Avg Speed: 0.41 M/s, Max Resolution: 1920x1080
Category: 🎬电影频道, Name: CHC动作电影, Total: 140, Valid: 22, Valid Percent: 15.71%, Whitelist: 0, IPv4: 5, IPv6: 135, Min Delay: 0.1 ms, Max Speed: 0.99 M/s, Avg Speed: 0.13 M/s, Max Resolution: 1920x1080
Category: 🎬电影频道, Name: 淘剧场, Total: 7, Valid: 4, Valid Percent: 57.14%, Whitelist: 0, IPv4: 2, IPv6: 5, Min Delay: 0.1 ms, Max Speed: 0.86 M/s, Avg Speed: 0.25 M/s, Max Resolution: 1920x1080
Category: 🎬电影频道, Name: 淘娱乐, Total: 8, Valid: 5, Valid Percent: 62.50%, Whitelist: 0, IPv4: 3, IPv6: 5, Min Delay: 0.1 ms, Max Speed: 0.86 M/s, Avg Speed: 0.35 M/s, Max Resolution: 1920x1080
Category: 🎬电影频道, Name: 淘电影, Total: 20, Valid: 20, Valid Percent: 100.00%, Whitelist: 0, IPv4: 3, IPv6: 17, Min Delay: 0.1 ms, Max Speed: 0.86 M/s, Avg Speed: 0.06 M/s, Max Resolution: 1920x1080
Category: 🎬电影频道, Name: 经典电影, Total: 10, Valid: 7, Valid Percent: 70.00%, Whitelist: 0, IPv4: 1, IPv6: 9, Min Delay: 0.1 ms, Max Speed: 8.84 M/s, Avg Speed: 1.26 M/s, Max Resolution: 1920x1080
Category: 🎬电影频道, Name: IPTV经典电影, Total: 1, Valid: 1, Valid Percent: 100.00%, Whitelist: 0, IPv4: 1, IPv6: 0, Min Delay: 395 ms, Max Speed: 0.03 M/s, Avg Speed: 0.03 M/s, Max Resolution: 1920x1080
Category: 🎬电影频道, Name: 天映经典, Total: 89, Valid: 1, Valid Percent: 1.12%, Whitelist: 0, IPv4: 1, IPv6: 88, Min Delay: 33 ms, Max Speed: 9.21 M/s, Avg Speed: 9.21 M/s, Max Resolution: 1920x1080
Category: 🎬电影频道, Name: 星空卫视, Total: 7, Valid: 2, Valid Percent: 28.57%, Whitelist: 0, IPv4: 1, IPv6: 6, Min Delay: 0.1 ms, Max Speed: 10.02 M/s, Avg Speed: 5.01 M/s, Max Resolution: 1920x1080
Category: 🏀体育频道, Name: CCTV-5, Total: 339, Valid: 59, Valid Percent: 17.40%, Whitelist: 0, IPv4: 23, IPv6: 316, Min Delay: 0.1 ms, Max Speed: 7.53 M/s, Avg Speed: 0.42 M/s, Max Resolution: 1920x1080
Category: 🏀体育频道, Name: CCTV-5+, Total: 205, Valid: 63, Valid Percent: 30.73%, Whitelist: 0, IPv4: 23, IPv6: 182, Min Delay: 0.1 ms, Max Speed: 1.27 M/s, Avg Speed: 0.26 M/s, Max Resolution: 1920x1080
Category: 🏀体育频道, Name: 五星体育, Total: 92, Valid: 20, Valid Percent: 21.74%, Whitelist: 0, IPv4: 2, IPv6: 90, Min Delay: 0.1 ms, Max Speed: 0.95 M/s, Avg Speed: 0.08 M/s, Max Resolution: 1920x1080
Category: 🏀体育频道, Name: 体育赛事, Total: 1, Valid: 0, Valid Percent: 0.00%, Whitelist: 0, IPv4: 1, IPv6: 0, Min Delay: 432 ms, Max Speed: 0.00 M/s, Avg Speed: 0.00 M/s, Max Resolution: None
Category: 🏀体育频道, Name: 山东体育, Total: 13, Valid: 11, Valid Percent: 84.62%, Whitelist: 0, IPv4: 2, IPv6: 11, Min Delay: 0.1 ms, Max Speed: 0.83 M/s, Avg Speed: 0.13 M/s, Max Resolution: 1920x1080
Category: 🏀体育频道, Name: 天津体育, Total: 1, Valid: 1, Valid Percent: 100.00%, Whitelist: 0, IPv4: 1, IPv6: 0, Min Delay: 476 ms, Max Speed: 5.79 M/s, Avg Speed: 5.79 M/s, Max Resolution: 1280x720
Category: 🏀体育频道, Name: 睛彩篮球, Total: 4, Valid: 3, Valid Percent: 75.00%, Whitelist: 0, IPv4: 2, IPv6: 2, Min Delay: 0.1 ms, Max Speed: 0.99 M/s, Avg Speed: 0.64 M/s, Max Resolution: 1920x1080
Category: 🏀体育频道, Name: 睛彩广场舞, Total: 14, Valid: 1, Valid Percent: 7.14%, Whitelist: 0, IPv4: 1, IPv6: 13, Min Delay: 414 ms, Max Speed: 0.92 M/s, Avg Speed: 0.92 M/s, Max Resolution: 1920x1080
Category: 🏀体育频道, Name: 风云足球, Total: 14, Valid: 12, Valid Percent: 85.71%, Whitelist: 0, IPv4: 8, IPv6: 6, Min Delay: 0.1 ms, Max Speed: 8.19 M/s, Avg Speed: 1.23 M/s, Max Resolution: 1920x1080
Category: 🏀体育频道, Name: 魅力足球, Total: 14, Valid: 11, Valid Percent: 78.57%, Whitelist: 0, IPv4: 1, IPv6: 13, Min Delay: 0.1 ms, Max Speed: 0.99 M/s, Avg Speed: 0.09 M/s, Max Resolution: 1920x1080
Category: 🏀体育频道, Name: 天元围棋, Total: 1, Valid: 1, Valid Percent: 100.00%, Whitelist: 0, IPv4: 1, IPv6: 0, Min Delay: 1099 ms, Max Speed: 0.91 M/s, Avg Speed: 0.91 M/s, Max Resolution: 1920x1080
Category: 🏀体育频道, Name: 快乐垂钓, Total: 12, Valid: 9, Valid Percent: 75.00%, Whitelist: 0, IPv4: 8, IPv6: 4, Min Delay: 0.1 ms, Max Speed: 0.94 M/s, Avg Speed: 0.64 M/s, Max Resolution: 1920x1080
Category: 🪁动画频道, Name: 少儿动画, Total: 1, Valid: 1, Valid Percent: 100.00%, Whitelist: 0, IPv4: 1, IPv6: 0, Min Delay: 449 ms, Max Speed: 0.46 M/s, Avg Speed: 0.46 M/s, Max Resolution: 1920x1080
Category: 🪁动画频道, Name: 动漫秀场, Total: 30, Valid: 21, Valid Percent: 70.00%, Whitelist: 0, IPv4: 6, IPv6: 24, Min Delay: 0.1 ms, Max Speed: 0.99 M/s, Avg Speed: 0.23 M/s, Max Resolution: 1920x1080
Category: 🪁动画频道, Name: 新动漫, Total: 1, Valid: 1, Valid Percent: 100.00%, Whitelist: 0, IPv4: 1, IPv6: 0, Min Delay: 445 ms, Max Speed: 0.21 M/s, Avg Speed: 0.21 M/s, Max Resolution: None
Category: 🪁动画频道, Name: CN卡通, Total: 4, Valid: 3, Valid Percent: 75.00%, Whitelist: 0, IPv4: 1, IPv6: 3, Min Delay: 0.1 ms, Max Speed: 8.76 M/s, Avg Speed: 2.92 M/s, Max Resolution: 1920x1080
Category: 🪁动画频道, Name: 优漫卡通, Total: 130, Valid: 15, Valid Percent: 11.54%, Whitelist: 0, IPv4: 3, IPv6: 127, Min Delay: 0.1 ms, Max Speed: 0.95 M/s, Avg Speed: 0.19 M/s, Max Resolution: 1920x1080
Category: 🪁动画频道, Name: 金鹰卡通, Total: 50, Valid: 41, Valid Percent: 82.00%, Whitelist: 0, IPv4: 9, IPv6: 41, Min Delay: 0.1 ms, Max Speed: 0.99 M/s, Avg Speed: 0.15 M/s, Max Resolution: 1920x1080
Category: 🪁动画频道, Name: 蜡笔小新, Total: 1, Valid: 1, Valid Percent: 100.00%, Whitelist: 0, IPv4: 1, IPv6: 0, Min Delay: 112 ms, Max Speed: 3.87 M/s, Avg Speed: 3.87 M/s, Max Resolution: 1920x1080
Category: 🎮游戏频道, Name: 游戏风云, Total: 14, Valid: 9, Valid Percent: 64.29%, Whitelist: 0, IPv4: 4, IPv6: 10, Min Delay: 0.1 ms, Max Speed: 0.99 M/s, Avg Speed: 0.31 M/s, Max Resolution: 1920x1080
Category: 🎮游戏频道, Name: 游戏竞技, Total: 2, Valid: 2, Valid Percent: 100.00%, Whitelist: 0, IPv4: 2, IPv6: 0, Min Delay: 299 ms, Max Speed: 1.75 M/s, Avg Speed: 1.70 M/s, Max Resolution: 1528x874
Category: 🎮游戏频道, Name: 海看电竞, Total: 1, Valid: 0, Valid Percent: 0.00%, Whitelist: 0, IPv4: 1, IPv6: 0, Min Delay: 443 ms, Max Speed: 0.00 M/s, Avg Speed: 0.00 M/s, Max Resolution: None
Category: 🎵音乐频道, Name: CCTV-15, Total: 283, Valid: 81, Valid Percent: 28.62%, Whitelist: 0, IPv4: 19, IPv6: 264, Min Delay: 0.1 ms, Max Speed: 9.42 M/s, Avg Speed: 0.27 M/s, Max Resolution: 1920x1080
Category: 🎵音乐频道, Name: 风云音乐, Total: 11, Valid: 8, Valid Percent: 72.73%, Whitelist: 0, IPv4: 8, IPv6: 3, Min Delay: 379 ms, Max Speed: 8.75 M/s, Avg Speed: 1.77 M/s, Max Resolution: 1920x1080
Category: 🎵音乐频道, Name: 音乐现场, Total: 2, Valid: 2, Valid Percent: 100.00%, Whitelist: 0, IPv4: 2, IPv6: 0, Min Delay: 108 ms, Max Speed: 0.91 M/s, Avg Speed: 0.83 M/s, Max Resolution: None
Category: 🎵音乐频道, Name: 音乐之声, Total: 1, Valid: 1, Valid Percent: 100.00%, Whitelist: 0, IPv4: 1, IPv6: 0, Min Delay: 1055 ms, Max Speed: 0.17 M/s, Avg Speed: 0.17 M/s, Max Resolution: None
Category: 🎵音乐频道, Name: 潮流音乐, Total: 1, Valid: 1, Valid Percent: 100.00%, Whitelist: 0, IPv4: 1, IPv6: 0, Min Delay: 5259 ms, Max Speed: 0.04 M/s, Avg Speed: 0.04 M/s, Max Resolution: None
Category: 🏛经典剧场, Name: 天龙八部, Total: 7, Valid: 6, Valid Percent: 85.71%, Whitelist: 0, IPv4: 2, IPv6: 5, Min Delay: 0.1 ms, Max Speed: 14.52 M/s, Avg Speed: 2.49 M/s, Max Resolution: 1920x1080
Category: 🏛经典剧场, Name: 闯关东, Total: 1, Valid: 1, Valid Percent: 100.00%, Whitelist: 0, IPv4: 1, IPv6: 0, Min Delay: 1710 ms, Max Speed: 0.32 M/s, Avg Speed: 0.32 M/s, Max Resolution: 1280x720
